[2m18:33:05[22m [34m[content][39m Syncing content
[2m18:33:05[22m [34m[content][39m Synced content
[2m18:33:05[22m [34m[types][39m Generated [2m1.12s[22m
[2m18:33:05[22m [34m[build][39m output: [34m"static"[39m
[2m18:33:05[22m [34m[build][39m mode: [34m"static"[39m
[2m18:33:05[22m [34m[build][39m directory: [34mC:\Hosila\website\dist\[39m
[2m18:33:05[22m [34m[build][39m Collecting build info...
[2m18:33:05[22m [34m[build][39m [32mÔ£ô Completed in 1.18s.[39m
[2m18:33:05[22m [34m[build][39m Building static entrypoints...
npx : 
[31m[1m18:33:07[22m 
[ERROR] [vite][39m 
[31mÔ£ù[39m Build failed 
in 1.21s
At line:1 char:1
+ npx astro build > 
build_output.log 2>&1
+ ~~~~~~~~~~~~~~~~~~~~~~~~~~
~~~~~~~~~~~~~
    + CategoryInfo          
    : NotSpecified: 
([31m[    
1m18:33:...failed in 1.2    
1s:String) [], RemoteExc    
eption
    + FullyQualifiedErrorId 
    : NativeCommandError
 
[@tailwindcss/vite:generate:
build] Cannot apply unknown 
utility class 
`text-textColor-body`
file: C:/Hosila/website/src/
styles/global.css
  [1mStack trace:[22m
[2m    at 
onInvalidCandidate (file:///
C:/Hosila/website/node_modul
es/tailwindcss/dist/chunk-L5
IEUH3R.mjs:21:1511)
    at file:///C:/Hosila/web
site/node_modules/tailwindcs
s/dist/chunk-L5IEUH3R.mjs:21
:355
    at I (file:///C:/Hosila/
website/node_modules/tailwin
dcss/dist/chunk-L5IEUH3R.mjs
:3:1377)
    at Gi (file:///C:/Hosila
/website/node_modules/tailwi
ndcss/dist/chunk-L5IEUH3R.mj
s:38:294)
    at async vf (file:///C:/
Hosila/website/node_modules/
tailwindcss/dist/chunk-L5IEU
H3R.mjs:38:1406)[22m
